// Jest Snapshot v1, https://goo.gl/fbAQLP

exports[`Card should contain full information about film 1`] = `
<div>
  <div
    class="my-1"
  >
    <img
      alt="poster"
      class="card-image"
      src="posters/inception.jpg"
    />
    <h5
      class="card-title"
    >
      Inception
    </h5>
    <p>
      2010
       year
    </p>
    <p>
      Director: 
      Christopher Nolan
    </p>
    <p>
      Starring: 
      Leonardo DiCaprio, Ken Watanabe, Joseph Gordon-Levitt, Marion Cotillard, Elliot Page, Tom Hardy, Cillian Murphy, Tom Berenger, Michael Caine
    </p>
    <p>
      IMDb: 
      8.8
      /10
    </p>
    <p>
      Oscars: 
      4
    </p>
  </div>
</div>
`;
